****************************************
Report : design
Design : dispatch
Version: T-2022.03-SP4
Date   : Mon Jul  6 12:07:21 2026
****************************************

Total number of std cells in library : 1830
Total number of dont_use lib cells   : 152
Total number of dont_touch lib cells : 14
Total number of buffers              : 166
Total number of inverters            : 98
Total number of flip-flops           : 304
Total number of latches              : 86
Total number of ICGs                 : 54

Cell Instance Type  Count         Area
--------------------------------------
TOTAL LEAF CELLS      352      138.439
Standard cells        352      138.439
Hard macro cells        0        0.000
Soft macro cells        0        0.000
Always on cells         0        0.000
Physical only           0        0.000
Fixed cells             0        0.000
Moveable cells        352      138.439
Sequential             61       56.876
Buffer/inverter        50        8.880
ICG cells               0        0.000

Logic Hierarchies                    : 0
Design Masters count                 : 35
Total Flat nets count                : 392
Total FloatingNets count             : 0
Total no of Ports                    : 70
Number of Master Clocks in design    : 1
Number of Generated Clocks in design : 0
Number of Path Groups in design      : 7 (1 of them Non Default)
Number of Scan Chains in design      : 0
List of Modes                        : default
List of Corners                      : default
List of Scenarios                    : dispatch

Core Area                            : 214.186
Chip Area                            : 347.282
Total Site Row Area                  : 214.186
Number of Blockages                  : 0
Total area of Blockages              : 0.000
Number of Power Domains              : 1
Number of Voltage Areas              : 1
Number of Group Bounds               : 0
Number of Exclusive MoveBounds       : 0
Number of Hard or Soft MoveBounds    : 0
Number of Multibit Registers         : 0
Number of Multibit LS/ISO Cells      : 0
Number of Top Level RP Groups        : 0
Number of Tech Layers                : 66 (57 of them have unknown routing dir.)

Total wire length                    : 1638.97 micron
Total number of wires                : 2884
Total number of contacts             : 2455
1
