****************************************
Report : qor
        -summary
Design : dispatch
Version: T-2022.03-SP4
Date   : Mon Jul  6 12:07:21 2026
****************************************

Timing
---------------------------------------------------------------------------
Context                                 WNS            TNS            NVE
---------------------------------------------------------------------------
Design             (Setup)             0.45           0.00              0

Design             (Hold)              0.08           0.00              0
---------------------------------------------------------------------------

Miscellaneous
---------------------------------------------------------------------------
Cell Area (netlist):                            138.44
Cell Area (netlist and physical only):          138.44
Nets with DRC Violations:       76
1
