****************************************
Report : qor
        -summary
Design : gpu
Version: T-2022.03-SP4
Date   : Tue Jul  7 12:22:14 2026
****************************************

Timing
---------------------------------------------------------------------------
Context                                 WNS            TNS            NVE
---------------------------------------------------------------------------
func.ss0p585v25c   (Setup)         -0.04741       -2.45763            325
test.ss0p585v25c   (Setup)          3.95259        0.00000              0
Design             (Setup)         -0.04741       -2.45763            325

func.ss0p585v25c   (Hold)          -0.02667       -0.11537             14
test.ss0p585v25c   (Hold)          -0.02667       -0.11537             14
Design             (Hold)          -0.02667       -0.11537             14
---------------------------------------------------------------------------

Miscellaneous
---------------------------------------------------------------------------
Cell Area (netlist):                        21291.35680
Cell Area (netlist and physical only):      23186.48200
Nets with DRC Violations:    17495
1
