 
****************************************
Report : timing
        -path full
        -delay min
        -max_paths 1
Design : dcr
Version: T-2022.03-SP4
Date   : Mon Jul  6 11:14:32 2026
****************************************

 * Some/all delay information is back-annotated.
Wire Load Model Mode: Inactive.

  Startpoint: device_control_data[3]
              (input port clocked by clock)
  Endpoint: dcr_reg_reg[3]
            (rising edge-triggered flip-flop clocked by clock)
  Path Group: in2reg
  Path Type: min

  Point                                                   Incr       Path      Voltage
  ------------------------------------------------------------------------------------
  clock clock (rise edge)                                 0.00       0.00      
  clock network delay (ideal)                             0.00       0.00      
  input external delay                                    0.75       0.75 f    
  device_control_data[3] (in)                             0.00       0.75 f    
  U29/X (SAEDRVT14_AO22_0P75)                             0.02 *     0.77 f    0.72
  dcr_reg_reg[3]/D (SAEDRVT14_FDP_V2_0P5)                 0.00 *     0.77 f    0.72
  data arrival time                                                  0.77      

  clock clock (rise edge)                                 0.00       0.00      
  clock network delay (ideal)                             0.00       0.00      
  dcr_reg_reg[3]/CK (SAEDRVT14_FDP_V2_0P5)                0.00       0.00 r    
  library hold time                                       0.00       0.00      
  data required time                                                 0.00      
  ------------------------------------------------------------------------------------
  data required time                                                 0.00      
  data arrival time                                                 -0.77      
  ------------------------------------------------------------------------------------
  slack (MET)                                                        0.77      


  Startpoint: dcr_reg_reg[3]
              (rising edge-triggered flip-flop clocked by clock)
  Endpoint: thread_count[3]
            (output port clocked by clock)
  Path Group: reg2out
  Path Type: min

  Point                                                   Incr       Path      Voltage
  ------------------------------------------------------------------------------------
  clock clock (rise edge)                                 0.00       0.00      
  clock network delay (ideal)                             0.00       0.00      
  dcr_reg_reg[3]/CK (SAEDRVT14_FDP_V2_0P5)                0.00       0.00 r    0.72
  dcr_reg_reg[3]/Q (SAEDRVT14_FDP_V2_0P5)                 0.08       0.08 f    0.72
  thread_count[3] (out)                                   0.00 *     0.08 f    
  data arrival time                                                  0.08      

  clock clock (rise edge)                                 0.00       0.00      
  clock network delay (ideal)                             0.00       0.00      
  output external delay                                  -0.75      -0.75      
  data required time                                                -0.75      
  ------------------------------------------------------------------------------------
  data required time                                                -0.75      
  data arrival time                                                 -0.08      
  ------------------------------------------------------------------------------------
  slack (MET)                                                        0.83      


  Startpoint: dcr_reg_reg[3]
              (rising edge-triggered flip-flop clocked by clock)
  Endpoint: dcr_reg_reg[3]
            (rising edge-triggered flip-flop clocked by clock)
  Path Group: reg2reg
  Path Type: min

  Point                                                   Incr       Path      Voltage
  ------------------------------------------------------------------------------------
  clock clock (rise edge)                                 0.00       0.00      
  clock network delay (ideal)                             0.00       0.00      
  dcr_reg_reg[3]/CK (SAEDRVT14_FDP_V2_0P5)                0.00       0.00 r    0.72
  dcr_reg_reg[3]/Q (SAEDRVT14_FDP_V2_0P5)                 0.08       0.08 f    0.72
  U29/X (SAEDRVT14_AO22_0P75)                             0.04 *     0.13 f    0.72
  dcr_reg_reg[3]/D (SAEDRVT14_FDP_V2_0P5)                 0.00 *     0.13 f    0.72
  data arrival time                                                  0.13      

  clock clock (rise edge)                                 0.00       0.00      
  clock network delay (ideal)                             0.00       0.00      
  dcr_reg_reg[3]/CK (SAEDRVT14_FDP_V2_0P5)                0.00       0.00 r    
  library hold time                                       0.00       0.00      
  data required time                                                 0.00      
  ------------------------------------------------------------------------------------
  data required time                                                 0.00      
  data arrival time                                                 -0.13      
  ------------------------------------------------------------------------------------
  slack (MET)                                                        0.13      


1
