 
****************************************
Report : timing
        -path full
        -delay min
        -max_paths 1
Design : gpu
Version: T-2022.03-SP4
Date   : Tue Jul  7 10:01:45 2026
****************************************

 * Some/all delay information is back-annotated.
Wire Load Model Mode: Inactive.

  Startpoint: dispatch_instance/core_reset_reg[3]/CK
              (internal path startpoint clocked by clock)
  Endpoint: dispatch_instance/clk_gate_core_thread_count_reg[3]/latch
            (gating element for clock clock)
  Path Group: clock
  Path Type: min

  Point                                                   Incr       Path      Voltage
  ------------------------------------------------------------------------------------
  clock clock (rise edge)                                 0.00       0.00      
  clock network delay (ideal)                             0.00       0.00      
  input external delay                                    0.00       0.00 r    
  dispatch_instance/core_reset_reg[3]/CK (SAEDLVT14_LSRDPQ_2)
                                                          0.00       0.00 r    0.72
  dispatch_instance/core_reset_reg[3]/Q (SAEDLVT14_LSRDPQ_2)
                                                          0.02       0.02 r    0.72
  dispatch_instance/U212/X (SAEDRVT14_INV_S_0P5)          0.03 *     0.05 f    0.72
  dispatch_instance/U216/X (SAEDLVT14_OAI21_V1_4)         0.02 *     0.07 r    0.72
  dispatch_instance/clk_gate_core_thread_count_reg[3]/EN (SNPS_CLOCK_GATE_HIGH_dispatch_0)
                                                          0.00       0.07 r    
  dispatch_instance/clk_gate_core_thread_count_reg[3]/latch/EN (SAEDRVT14_CKGTPLT_V5_1)
                                                          0.00 *     0.07 r    0.72
  data arrival time                                                  0.07      

  clock clock (rise edge)                                 0.00       0.00      
  clock network delay (ideal)                             0.00       0.00      
  dispatch_instance/clk_gate_core_thread_count_reg[3]/latch/CK (SAEDRVT14_CKGTPLT_V5_1)
                                                          0.00       0.00 r    
  clock gating hold time                                 -0.02      -0.02      
  data required time                                                -0.02      
  ------------------------------------------------------------------------------------
  data required time                                                -0.02      
  data arrival time                                                 -0.07      
  ------------------------------------------------------------------------------------
  slack (MET)                                                        0.09      


  Startpoint: data_mem_read_data[0][5]
              (input port clocked by clock)
  Endpoint: data_memory_controller/consumer_read_data_reg[4][5]
            (rising edge-triggered flip-flop clocked by clock)
  Path Group: in2reg
  Path Type: min

  Point                                                   Incr       Path      Voltage
  ------------------------------------------------------------------------------------
  clock clock (rise edge)                                 0.00       0.00      
  clock network delay (ideal)                             0.00       0.00      
  input external delay                                    0.75       0.75 f    
  data_mem_read_data[0][5] (in)                           0.00       0.75 f    
  data_memory_controller/mem_read_data[0][5] (controller_ADDR_BITS8_DATA_BITS8_NUM_CONSUMERS16_NUM_CHANNELS4_WRITE_ENABLE1)
                                                          0.00       0.75 f    
  data_memory_controller/mem_read_data[0][5]_UPF_LS/X (SAEDLVT14_LVLUBUF_IY2V1_8)
                                                          0.04 *     0.79 f    0.72
  data_memory_controller/U2031/X (SAEDLVT14_AOI21_1P5)
                                                          0.01 *     0.80 r    0.72
  data_memory_controller/U2032/X (SAEDRVT14_OAI21_3)      0.01 *     0.81 f    0.72
  data_memory_controller/consumer_read_data_reg[4][5]/D (SAEDRVT14_FDP_V2_0P5)
                                                          0.00 *     0.81 f    0.72
  data arrival time                                                  0.81      

  clock clock (rise edge)                                 0.00       0.00      
  clock network delay (ideal)                             0.00       0.00      
  data_memory_controller/consumer_read_data_reg[4][5]/CK (SAEDRVT14_FDP_V2_0P5)
                                                          0.00       0.00 r    
  library hold time                                       0.00       0.00      
  data required time                                                 0.00      
  ------------------------------------------------------------------------------------
  data required time                                                 0.00      
  data arrival time                                                 -0.81      
  ------------------------------------------------------------------------------------
  slack (MET)                                                        0.81      


  Startpoint: program_memory_controller/mem_read_address_reg[0][1]
              (rising edge-triggered flip-flop clocked by clock)
  Endpoint: program_mem_read_address[0][1]
            (output port clocked by clock)
  Path Group: reg2out
  Path Type: min

  Point                                                   Incr       Path      Voltage
  ------------------------------------------------------------------------------------
  clock clock (rise edge)                                 0.00       0.00      
  clock network delay (ideal)                             0.00       0.00      
  program_memory_controller/mem_read_address_reg[0][1]/CK (SAEDLVT14_FDP_V2LP_2)
                                                          0.00       0.00 r    0.72
  program_memory_controller/mem_read_address_reg[0][1]/Q (SAEDLVT14_FDP_V2LP_2)
                                                          0.05       0.05 f    0.72
  program_memory_controller/mem_read_address[0][1] (controller_ADDR_BITS8_DATA_BITS16_NUM_CONSUMERS4_NUM_CHANNELS1_WRITE_ENABLE0)
                                                          0.00       0.05 f    
  mem_read_address[0][1]_1_UPF_LS/X (SAEDRVT14_LVLDBUF_IY2V1_2)
                                                          0.07 *     0.12 f    0.58
  program_mem_read_address[0][1] (out)                    0.00 *     0.12 f    
  data arrival time                                                  0.12      

  clock clock (rise edge)                                 0.00       0.00      
  clock network delay (ideal)                             0.00       0.00      
  output external delay                                  -0.75      -0.75      
  data required time                                                -0.75      
  ------------------------------------------------------------------------------------
  data required time                                                -0.75      
  data arrival time                                                 -0.12      
  ------------------------------------------------------------------------------------
  slack (MET)                                                        0.87      


  Startpoint: lsu_write_address_reg[13][3]/CK
              (internal path startpoint clocked by clock)
  Endpoint: cache_mem_write_address_reg[13][3]
            (rising edge-triggered flip-flop clocked by clock)
  Path Group: reg2reg
  Path Type: min

  Point                                                   Incr       Path      Voltage
  ------------------------------------------------------------------------------------
  clock clock (rise edge)                                 0.00       0.00      
  clock network delay (ideal)                             0.00       0.00      
  input external delay                                    0.00       0.00 r    
  lsu_write_address_reg[13][3]/CK (SAEDLVT14_LSRDPQ_2)
                                                          0.00       0.00 r    0.58
  lsu_write_address_reg[13][3]/Q (SAEDLVT14_LSRDPQ_2)     0.04       0.04 f    0.58
  cache_mem_write_address_reg[13][3]/D (SAEDRVT14_FDP_V2LP_0P5)
                                                          0.00 *     0.04 f    0.58
  data arrival time                                                  0.04      

  clock clock (rise edge)                                 0.00       0.00      
  clock network delay (ideal)                             0.00       0.00      
  cache_mem_write_address_reg[13][3]/CK (SAEDRVT14_FDP_V2LP_0P5)
                                                          0.00       0.00 r    
  library hold time                                       0.00       0.00      
  data required time                                                 0.00      
  ------------------------------------------------------------------------------------
  data required time                                                 0.00      
  data arrival time                                                 -0.04      
  ------------------------------------------------------------------------------------
  slack (MET)                                                        0.04      


1
