 
****************************************
Report : timing
        -path full
        -delay max
        -max_paths 1
Design : gpu
Version: T-2022.03-SP4
Date   : Tue Jul  7 10:01:44 2026
****************************************

 * Some/all delay information is back-annotated.
Wire Load Model Mode: Inactive.

  Startpoint: reset (input port clocked by clock)
  Endpoint: clk_gate_cache_mem_write_address_reg[8]/latch
            (gating element for clock clock)
  Path Group: clock
  Path Type: max

  Point                                                   Incr       Path      Voltage
  ------------------------------------------------------------------------------------
  clock clock (rise edge)                                 0.00       0.00      
  clock network delay (ideal)                             0.00       0.00      
  input external delay                                    0.75       0.75 r    
  reset (in)                                              0.00       0.75 r    
  reset_UPF_LS/X (SAEDLVT14_LVLUBUF_IY2V1_12)             0.09 *     0.84 r    0.72
  U32017/X (SAEDLVT14_ND2B_U_0P5)                         0.05 *     0.89 r    0.58
  U32010/X (SAEDRVT14_INV_3)                              0.04 *     0.93 f    0.58
  clk_gate_cache_mem_write_address_reg[8]/EN (SNPS_CLOCK_GATE_HIGH_gpu_26)
                                                          0.00       0.93 f    
  clk_gate_cache_mem_write_address_reg[8]/latch/EN (SAEDRVT14_CKGTPLT_V5_1)
                                                          0.00 *     0.93 f    0.58
  data arrival time                                                  0.93      

  clock clock (rise edge)                                 1.00       1.00      
  clock network delay (ideal)                             0.00       1.00      
  clk_gate_cache_mem_write_address_reg[8]/latch/CK (SAEDRVT14_CKGTPLT_V5_1)
                                                          0.00       1.00 r    
  clock gating setup time                                -0.07       0.93      
  data required time                                                 0.93      
  ------------------------------------------------------------------------------------
  data required time                                                 0.93      
  data arrival time                                                 -0.93      
  ------------------------------------------------------------------------------------
  slack (MET)                                                        0.00      


  Startpoint: data_mem_read_data[0][6]
              (input port clocked by clock)
  Endpoint: data_memory_controller/consumer_read_data_reg[5][6]
            (rising edge-triggered flip-flop clocked by clock)
  Path Group: in2reg
  Path Type: max

  Point                                                   Incr       Path      Voltage
  ------------------------------------------------------------------------------------
  clock clock (rise edge)                                 0.00       0.00      
  clock network delay (ideal)                             0.00       0.00      
  input external delay                                    0.75       0.75 r    
  data_mem_read_data[0][6] (in)                           0.00       0.75 r    
  data_memory_controller/mem_read_data[0][6] (controller_ADDR_BITS8_DATA_BITS8_NUM_CONSUMERS16_NUM_CHANNELS4_WRITE_ENABLE1)
                                                          0.00       0.75 r    
  data_memory_controller/mem_read_data[0][6]_UPF_LS/X (SAEDRVT14_LVLUBUF_IY2V1_2)
                                                          0.10 *     0.85 r    0.72
  data_memory_controller/U215/X (SAEDRVT14_INV_S_1)       0.06 *     0.91 f    0.72
  data_memory_controller/U2402/X (SAEDRVT14_OAI22_0P75)
                                                          0.04 *     0.96 r    0.72
  data_memory_controller/U2404/X (SAEDRVT14_OR2_4)        0.03 *     0.98 r    0.72
  data_memory_controller/consumer_read_data_reg[5][6]/D (SAEDRVT14_FDP_V2_0P5)
                                                          0.00 *     0.98 r    0.72
  data arrival time                                                  0.98      

  clock clock (rise edge)                                 1.00       1.00      
  clock network delay (ideal)                             0.00       1.00      
  data_memory_controller/consumer_read_data_reg[5][6]/CK (SAEDRVT14_FDP_V2_0P5)
                                                          0.00       1.00 r    
  library setup time                                     -0.02       0.98      
  data required time                                                 0.98      
  ------------------------------------------------------------------------------------
  data required time                                                 0.98      
  data arrival time                                                 -0.98      
  ------------------------------------------------------------------------------------
  slack (MET)                                                        0.00      


  Startpoint: data_memory_controller/mem_read_address_reg[0][1]
              (rising edge-triggered flip-flop clocked by clock)
  Endpoint: data_mem_read_address[0][1]
            (output port clocked by clock)
  Path Group: reg2out
  Path Type: max

  Point                                                   Incr       Path      Voltage
  ------------------------------------------------------------------------------------
  clock clock (rise edge)                                 0.00       0.00      
  clock network delay (ideal)                             0.00       0.00      
  data_memory_controller/mem_read_address_reg[0][1]/CK (SAEDRVT14_FDP_V2LP_0P5)
                                                          0.00       0.00 r    0.72
  data_memory_controller/mem_read_address_reg[0][1]/Q (SAEDRVT14_FDP_V2LP_0P5)
                                                          0.07       0.07 r    0.72
  data_memory_controller/mem_read_address[0][1] (controller_ADDR_BITS8_DATA_BITS8_NUM_CONSUMERS16_NUM_CHANNELS4_WRITE_ENABLE1)
                                                          0.00       0.07 r    
  mem_read_address[0][1]_UPF_LS/X (SAEDRVT14_LVLDBUF_IY2V1_3)
                                                          0.15 *     0.22 r    0.58
  data_mem_read_address[0][1] (out)                       0.00 *     0.22 r    
  data arrival time                                                  0.22      

  clock clock (rise edge)                                 1.00       1.00      
  clock network delay (ideal)                             0.00       1.00      
  output external delay                                  -0.75       0.25      
  data required time                                                 0.25      
  ------------------------------------------------------------------------------------
  data required time                                                 0.25      
  data arrival time                                                 -0.22      
  ------------------------------------------------------------------------------------
  slack (MET)                                                        0.03      


  Startpoint: lsu_write_address_reg[7][3]/CK
              (internal path startpoint clocked by clock)
  Endpoint: cache_data_reg[10][4]
            (rising edge-triggered flip-flop clocked by clock)
  Path Group: reg2reg
  Path Type: max

  Point                                                   Incr       Path      Voltage
  ------------------------------------------------------------------------------------
  clock clock (rise edge)                                 0.00       0.00      
  clock network delay (ideal)                             0.00       0.00      
  input external delay                                    0.00       0.00 r    
  lsu_write_address_reg[7][3]/CK (SAEDRVT14_LSRDPQ_2)     0.00       0.00 r    0.58
  lsu_write_address_reg[7][3]/Q (SAEDRVT14_LSRDPQ_2)      0.07       0.07 f    0.58
  U14170/X (SAEDLVT14_BUF_S_2)                            0.03 *     0.10 f    0.58
  U14273/X (SAEDRVT14_AN2_MM_1)                           0.11 *     0.21 f    0.58
  U14292/X (SAEDLVT14_ND2_MM_6)                           0.07 *     0.28 r    0.58
  U14343/X (SAEDRVT14_OAI22_0P5)                          0.08 *     0.36 f    0.58
  U18251/X (SAEDLVT14_OR3_4)                              0.04 *     0.40 f    0.58
  U29528/X (SAEDRVT14_NR2_4)                              0.02 *     0.42 r    0.58
  U14348/X (SAEDRVT14_EO2_1)                              0.09 *     0.50 f    0.58
  U20210/X (SAEDLVT14_OR2_2)                              0.03 *     0.53 f    0.58
  U14363/X (SAEDLVT14_NR2_MM_4)                           0.02 *     0.55 r    0.58
  U14364/X (SAEDLVT14_ND2_MM_10)                          0.02 *     0.56 f    0.58
  U14440/X (SAEDLVT14_NR2_MM_16)                          0.01 *     0.58 r    0.58
  U14135/X (SAEDLVT14_BUF_12)                             0.03 *     0.60 r    0.58
  U24315/X (SAEDRVT14_ND2_CDC_0P5)                        0.07 *     0.67 f    0.58
  U27324/X (SAEDRVT14_ND2_1)                              0.09 *     0.76 r    0.58
  U28424/X (SAEDRVT14_OAI21_3)                            0.06 *     0.82 f    0.58
  U28426/X (SAEDRVT14_OR2_MM_8)                           0.05 *     0.87 f    0.58
  U28432/X (SAEDRVT14_AOI21_3)                            0.02 *     0.89 r    0.58
  U28435/X (SAEDLVT14_OAI21_0P5)                          0.02 *     0.91 f    0.58
  U28436/X (SAEDRVT14_INV_S_2)                            0.02 *     0.93 r    0.58
  U28437/X (SAEDRVT14_AOI21_3)                            0.03 *     0.96 f    0.58
  U28449/X (SAEDLVT14_OAI21_1)                            0.02 *     0.98 r    0.58
  cache_data_reg[10][4]/D (SAEDLVT14_FDP_V2LP_0P5)        0.00 *     0.98 r    0.58
  data arrival time                                                  0.98      

  clock clock (rise edge)                                 1.00       1.00      
  clock network delay (ideal)                             0.00       1.00      
  cache_data_reg[10][4]/CK (SAEDLVT14_FDP_V2LP_0P5)       0.00       1.00 r    
  library setup time                                     -0.02       0.98      
  data required time                                                 0.98      
  ------------------------------------------------------------------------------------
  data required time                                                 0.98      
  data arrival time                                                 -0.98      
  ------------------------------------------------------------------------------------
  slack (MET)                                                        0.00      


1
