 
****************************************
Report : design
Design : dispatch
Version: T-2022.03-SP4
Date   : Mon Jul  6 11:21:20 2026
****************************************

Design allows ideal nets on clock nets.

Library(s) Used:

    saed14rvt_base_ss0p72v25c (File: /home1/SAED14_EDK/SAED14_EDK/SAED14nm_EDK_STD_RVT/liberty/nldm/base/saed14rvt_base_ss0p72v25c.db)

Local Link Library:

    {/home1/SAED14_EDK/SAED14_EDK/SAED14nm_EDK_STD_LVT/liberty/nldm/cg/saed14lvt_cg_ss0p72v25c.db, /home1/SAED14_EDK/SAED14_EDK/SAED14nm_EDK_STD_LVT/liberty/nldm/iso/saed14lvt_iso_ss0p72v25c.db, /home1/SAED14_EDK/SAED14_EDK/SAED14nm_EDK_STD_LVT/liberty/nldm/pg/saed14lvt_pg_ss0p72v25c.db, /home1/SAED14_EDK/SAED14_EDK/SAED14nm_EDK_STD_LVT/liberty/nldm/ret/saed14lvt_ret_ss0p72v25c.db, /home1/SAED14_EDK/SAED14_EDK/SAED14nm_EDK_STD_LVT/liberty/nldm/base/saed14lvt_base_ss0p72v25c.db, /home1/SAED14_EDK/SAED14_EDK/SAED14nm_EDK_STD_RVT/liberty/nldm/pg/saed14rvt_pg_ss0p72v25c.db, /home1/SAED14_EDK/SAED14_EDK/SAED14nm_EDK_STD_RVT/liberty/nldm/ret/saed14rvt_ret_ss0p72v25c.db, /home1/SAED14_EDK/SAED14_EDK/SAED14nm_EDK_STD_RVT/liberty/nldm/base/saed14rvt_base_ss0p72v25c.db, /home1/SAED14_EDK/SAED14_EDK/SAED14nm_EDK_STD_RVT/liberty/nldm/cg/saed14rvt_cg_ss0p72v25c.db, /home1/SAED14_EDK/SAED14_EDK/SAED14nm_EDK_STD_RVT/liberty/nldm/iso/saed14rvt_iso_ss0p72v25c.db}

Flip-Flop Types:

    No flip-flop types specified.

Latch Types:

    No latch types specified.

Operating Conditions:


    Operating Condition Name : ss0p72v25c
    Library : saed14lvt_base_ss0p72v25c
    Process :   0.50
    Temperature :  25.00
    Voltage :   0.72

Wire Loading Model:

    No wire loading used.

Timing Ranges:

    No timing ranges specified.

Pin Input Delays:

    None specified.

Pin Output Delays:

    None specified.

Disabled Timing Arcs:

    No arcs disabled.

Required Licenses:

    DesignWare

Design Parameters:

    None specified.
1
