 
****************************************
Report : timing
        -path full
        -delay min
        -max_paths 1
Design : dispatch
Version: T-2022.03-SP4
Date   : Mon Jul  6 11:21:20 2026
****************************************

 * Some/all delay information is back-annotated.
Wire Load Model Mode: Inactive.

  Startpoint: reset (input port clocked by clock)
  Endpoint: done_reg (rising edge-triggered flip-flop clocked by clock)
  Path Group: in2reg
  Path Type: min

  Point                                    Incr       Path      Voltage
  ---------------------------------------------------------------------
  clock clock (rise edge)                  0.00       0.00      
  clock network delay (ideal)              0.00       0.00      
  input external delay                     0.75       0.75 r    
  reset (in)                               0.00       0.75 r    
  U339/X (SAEDRVT14_OAI22_0P5)             0.01 *     0.76 f    0.72
  done_reg/D (SAEDRVT14_FDP_V2_0P5)        0.00 *     0.76 f    0.72
  data arrival time                                   0.76      

  clock clock (rise edge)                  0.00       0.00      
  clock network delay (ideal)              0.00       0.00      
  done_reg/CK (SAEDRVT14_FDP_V2_0P5)       0.00       0.00 r    
  library hold time                        0.00       0.00      
  data required time                                  0.00      
  ---------------------------------------------------------------------
  data required time                                  0.00      
  data arrival time                                  -0.76      
  ---------------------------------------------------------------------
  slack (MET)                                         0.76      


  Startpoint: done_reg (rising edge-triggered flip-flop clocked by clock)
  Endpoint: done (output port clocked by clock)
  Path Group: reg2out
  Path Type: min

  Point                                    Incr       Path      Voltage
  ---------------------------------------------------------------------
  clock clock (rise edge)                  0.00       0.00      
  clock network delay (ideal)              0.00       0.00      
  done_reg/CK (SAEDRVT14_FDP_V2_0P5)       0.00       0.00 r    0.72
  done_reg/Q (SAEDRVT14_FDP_V2_0P5)        0.08       0.08 f    0.72
  done (out)                               0.00 *     0.08 f    
  data arrival time                                   0.08      

  clock clock (rise edge)                  0.00       0.00      
  clock network delay (ideal)              0.00       0.00      
  output external delay                   -0.75      -0.75      
  data required time                                 -0.75      
  ---------------------------------------------------------------------
  data required time                                 -0.75      
  data arrival time                                  -0.08      
  ---------------------------------------------------------------------
  slack (MET)                                         0.83      


  Startpoint: blocks_done_reg[7]
              (rising edge-triggered flip-flop clocked by clock)
  Endpoint: blocks_done_reg[7]
            (rising edge-triggered flip-flop clocked by clock)
  Path Group: reg2reg
  Path Type: min

  Point                                                   Incr       Path      Voltage
  ------------------------------------------------------------------------------------
  clock clock (rise edge)                                 0.00       0.00      
  clock network delay (ideal)                             0.00       0.00      
  blocks_done_reg[7]/CK (SAEDRVT14_FDP_V2_0P5)            0.00       0.00 r    0.72
  blocks_done_reg[7]/QN (SAEDRVT14_FDP_V2_0P5)            0.05       0.05 r    0.72
  U388/X (SAEDRVT14_OAI22_0P5)                            0.02 *     0.07 f    0.72
  blocks_done_reg[7]/D (SAEDRVT14_FDP_V2_0P5)             0.00 *     0.07 f    0.72
  data arrival time                                                  0.07      

  clock clock (rise edge)                                 0.00       0.00      
  clock network delay (ideal)                             0.00       0.00      
  blocks_done_reg[7]/CK (SAEDRVT14_FDP_V2_0P5)            0.00       0.00 r    
  library hold time                                       0.00       0.00      
  data required time                                                 0.00      
  ------------------------------------------------------------------------------------
  data required time                                                 0.00      
  data arrival time                                                 -0.07      
  ------------------------------------------------------------------------------------
  slack (MET)                                                        0.07      


1
