 
****************************************
Report : timing
        -path full
        -delay max
        -max_paths 1
Design : dispatch
Version: T-2022.03-SP4
Date   : Mon Jul  6 11:21:20 2026
****************************************

 * Some/all delay information is back-annotated.
Wire Load Model Mode: Inactive.

  Startpoint: thread_count[0]
              (input port clocked by clock)
  Endpoint: blocks_dispatched_reg[3]
            (rising edge-triggered flip-flop clocked by clock)
  Path Group: in2reg
  Path Type: max

  Point                                                   Incr       Path      Voltage
  ------------------------------------------------------------------------------------
  clock clock (rise edge)                                 0.00       0.00      
  clock network delay (ideal)                             0.00       0.00      
  input external delay                                    0.75       0.75 f    
  thread_count[0] (in)                                    0.00       0.75 f    
  U185/X (SAEDRVT14_NR2_MM_16)                            0.01 *     0.76 r    0.72
  U201/X (SAEDRVT14_NR2_MM_4)                             0.01 *     0.76 f    0.72
  U202/X (SAEDRVT14_EO2_V1_1P5)                           0.03 *     0.80 f    0.72
  U203/X (SAEDRVT14_NR2_MM_3)                             0.02 *     0.81 r    0.72
  U213/X (SAEDRVT14_OAI21_V1_4)                           0.02 *     0.83 f    0.72
  U265/X (SAEDRVT14_INV_S_0P5)                            0.02 *     0.85 r    0.72
  U267/X (SAEDRVT14_OAI21_0P5)                            0.02 *     0.86 f    0.72
  U272/X (SAEDRVT14_AOI21_1)                              0.05 *     0.91 r    0.72
  U273/X (SAEDRVT14_NR2_MM_8)                             0.03 *     0.94 f    0.72
  U274/X (SAEDRVT14_NR2_MM_1)                             0.02 *     0.96 r    0.72
  U277/X (SAEDRVT14_OAI22_0P75)                           0.02 *     0.98 f    0.72
  blocks_dispatched_reg[3]/D (SAEDRVT14_FDP_V2LP_0P5)     0.00 *     0.98 f    0.72
  data arrival time                                                  0.98      

  clock clock (rise edge)                                 1.00       1.00      
  clock network delay (ideal)                             0.00       1.00      
  blocks_dispatched_reg[3]/CK (SAEDRVT14_FDP_V2LP_0P5)
                                                          0.00       1.00 r    
  library setup time                                     -0.02       0.98      
  data required time                                                 0.98      
  ------------------------------------------------------------------------------------
  data required time                                                 0.98      
  data arrival time                                                 -0.98      
  ------------------------------------------------------------------------------------
  slack (MET)                                                        0.00      


  Startpoint: core_start_reg[1]
              (rising edge-triggered flip-flop clocked by clock)
  Endpoint: core_start[1]
            (output port clocked by clock)
  Path Group: reg2out
  Path Type: max

  Point                                                   Incr       Path      Voltage
  ------------------------------------------------------------------------------------
  clock clock (rise edge)                                 0.00       0.00      
  clock network delay (ideal)                             0.00       0.00      
  core_start_reg[1]/CK (SAEDRVT14_FDP_V2LP_0P5)           0.00       0.00 r    0.72
  core_start_reg[1]/Q (SAEDRVT14_FDP_V2LP_0P5)            0.10       0.10 f    0.72
  core_start[1] (out)                                     0.00 *     0.10 f    
  data arrival time                                                  0.10      

  clock clock (rise edge)                                 1.00       1.00      
  clock network delay (ideal)                             0.00       1.00      
  output external delay                                  -0.75       0.25      
  data required time                                                 0.25      
  ------------------------------------------------------------------------------------
  data required time                                                 0.25      
  data arrival time                                                 -0.10      
  ------------------------------------------------------------------------------------
  slack (MET)                                                        0.15      


  Startpoint: blocks_dispatched_reg[3]
              (rising edge-triggered flip-flop clocked by clock)
  Endpoint: core_block_id_reg[3][0]
            (rising edge-triggered flip-flop clocked by clock)
  Path Group: reg2reg
  Path Type: max

  Point                                                   Incr       Path      Voltage
  ------------------------------------------------------------------------------------
  clock clock (rise edge)                                 0.00       0.00      
  clock network delay (ideal)                             0.00       0.00      
  blocks_dispatched_reg[3]/CK (SAEDRVT14_FDP_V2LP_0P5)
                                                          0.00       0.00 r    0.72
  blocks_dispatched_reg[3]/Q (SAEDRVT14_FDP_V2LP_0P5)     0.10       0.10 f    0.72
  U219/X (SAEDRVT14_INV_S_1)                              0.04 *     0.14 r    0.72
  U220/X (SAEDRVT14_NR2_MM_4)                             0.02 *     0.16 f    0.72
  U221/X (SAEDRVT14_INV_S_0P5)                            0.01 *     0.18 r    0.72
  U224/X (SAEDRVT14_ND2_CDC_1)                            0.02 *     0.19 f    0.72
  U225/X (SAEDRVT14_INV_S_0P5)                            0.02 *     0.21 r    0.72
  U234/X (SAEDRVT14_OAI21_3)                              0.02 *     0.24 f    0.72
  U240/X (SAEDRVT14_OAI21_V1_4)                           0.03 *     0.26 r    0.72
  U264/X (SAEDRVT14_AN2_8)                                0.03 *     0.30 r    0.72
  U445/X (SAEDRVT14_ND2_MM_1)                             0.02 *     0.32 f    0.72
  U447/X (SAEDRVT14_OAI22_0P5)                            0.04 *     0.36 r    0.72
  core_block_id_reg[3][0]/D (SAEDRVT14_FDP_V2LP_0P5)      0.00 *     0.36 r    0.72
  data arrival time                                                  0.36      

  clock clock (rise edge)                                 1.00       1.00      
  clock network delay (ideal)                             0.00       1.00      
  core_block_id_reg[3][0]/CK (SAEDRVT14_FDP_V2LP_0P5)     0.00       1.00 r    
  library setup time                                     -0.03       0.97      
  data required time                                                 0.97      
  ------------------------------------------------------------------------------------
  data required time                                                 0.97      
  data arrival time                                                 -0.36      
  ------------------------------------------------------------------------------------
  slack (MET)                                                        0.61      


1
