****************************************
Report : design
Design : dcr
Version: T-2022.03-SP4
Date   : Mon Jul  6 11:56:38 2026
****************************************

Total number of std cells in library : 1830
Total number of dont_use lib cells   : 152
Total number of dont_touch lib cells : 14
Total number of buffers              : 166
Total number of inverters            : 98
Total number of flip-flops           : 304
Total number of latches              : 86
Total number of ICGs                 : 54

Cell Instance Type  Count         Area
--------------------------------------
TOTAL LEAF CELLS       19       12.343
Standard cells         19       12.343
Hard macro cells        0        0.000
Soft macro cells        0        0.000
Always on cells         0        0.000
Physical only           0        0.000
Fixed cells             0        0.000
Moveable cells         19       12.343
Sequential              8        7.459
Buffer/inverter         1        0.178
ICG cells               0        0.000

Logic Hierarchies                    : 0
Design Masters count                 : 4
Total Flat nets count                : 32
Total FloatingNets count             : 0
Total no of Ports                    : 21
Number of Master Clocks in design    : 1
Number of Generated Clocks in design : 0
Number of Path Groups in design      : 7 (1 of them Non Default)
Number of Scan Chains in design      : 0
List of Modes                        : default
List of Corners                      : default
List of Scenarios                    : dcr

Core Area                            : 18.959
Chip Area                            : 69.815
Total Site Row Area                  : 18.959
Number of Blockages                  : 0
Total area of Blockages              : 0.000
Number of Power Domains              : 1
Number of Voltage Areas              : 1
Number of Group Bounds               : 0
Number of Exclusive MoveBounds       : 0
Number of Hard or Soft MoveBounds    : 0
Number of Multibit Registers         : 0
Number of Multibit LS/ISO Cells      : 0
Number of Top Level RP Groups        : 0
Number of Tech Layers                : 66 (57 of them have unknown routing dir.)

Total wire length                    : 136.45 micron
Total number of wires                : 207
Total number of contacts             : 242
1
