****************************************
Report : qor
        -summary
Design : dcr
Version: T-2022.03-SP4
Date   : Mon Jul  6 11:56:38 2026
****************************************

Timing
---------------------------------------------------------------------------
Context                                 WNS            TNS            NVE
---------------------------------------------------------------------------
Design             (Setup)             0.87           0.00              0

Design             (Hold)              0.10           0.00              0
---------------------------------------------------------------------------

Miscellaneous
---------------------------------------------------------------------------
Cell Area (netlist):                             12.34
Cell Area (netlist and physical only):           12.34
Nets with DRC Violations:        0
1
