****************************************
Report : timing
        -path_type full
        -delay_type max
        -max_paths 1
        -report_by design
Design : dcr
Version: T-2022.03-SP4
Date   : Mon Jul  6 11:56:38 2026
****************************************

  Startpoint: dcr_reg_reg[1] (rising edge-triggered flip-flop clocked by clock)
  Endpoint: dcr_reg_reg[1] (rising edge-triggered flip-flop clocked by clock)
  Mode: default
  Corner: default
  Scenario: dcr
  Path Group: clock
  Path Type: max

  Point                                            Incr      Path  
  ------------------------------------------------------------------------
  clock clock (rise edge)                          0.00      0.00
  clock network delay (propagated)                 0.00      0.00

  dcr_reg_reg[1]/CK (SAEDRVT14_FDP_V2LP_0P5)       0.00      0.00 r
  dcr_reg_reg[1]/Q (SAEDRVT14_FDP_V2LP_0P5)        0.08      0.08 f
  U31/X (SAEDRVT14_AO22_0P5)                       0.04      0.12 f
  dcr_reg_reg[1]/D (SAEDRVT14_FDP_V2LP_0P5)        0.00      0.12 f
  data arrival time                                          0.12

  clock clock (rise edge)                          1.00      1.00
  clock network delay (propagated)                 0.00      1.00
  dcr_reg_reg[1]/CK (SAEDRVT14_FDP_V2LP_0P5)       0.00      1.00 r
  library setup time                              -0.01      0.99
  data required time                                         0.99
  ------------------------------------------------------------------------
  data required time                                         0.99
  data arrival time                                         -0.12
  ------------------------------------------------------------------------
  slack (MET)                                                0.87


1
